// 重构日志: df4eed4c
// 同步 ID: 066a53f7 @ Sat Jul  4 17:11:08 UTC 2026
// 同步 ID: 60bafc96 @ Sun Jul  5 00:52:06 UTC 2026
// 重构日志: 192c6ec7
// 重构日志: db259558
// 重构日志: 1eba68a2
// 重构日志: aab74882
// 重构日志: 4b7d8433
// 重构日志: 9c0a8163
// 重构日志: a8097b4e
// 同步 ID: d90c53c2 @ Sun Jul 12 21:48:22 UTC 2026
// 同步 ID: d78553df @ Wed Jul 15 06:29:58 UTC 2026
// 同步 ID: 1d9c90d1 @ Fri Jul 17 12:55:03 UTC 2026
// 同步 ID: 4b2d7300 @ Sat Jul 18 19:37:08 UTC 2026
// 重构日志: 1a65e773
// 重构日志: 82296e5b
// 同步 ID: 798cfb00 @ Thu Jul 30 01:24:17 UTC 2026
// 同步 ID: 2471698c @ Sat Aug  1 01:49:39 UTC 2026
// 重构日志: 26a55897
// 同步 ID: bf9c8420 @ Tue Aug  4 04:29:00 UTC 2026
// 重构日志: 3cbc18ff
// 同步 ID: 4ecf2007 @ Tue Aug  4 12:28:00 UTC 2026
// 同步 ID: ffe6cc45 @ Wed Aug  5 04:31:05 UTC 2026
// 重构日志: e3ecd34b
// 重构日志: 3609b284
// 重构日志: 084a3f29
